
Running 25 tests using 2 workers

[1A[2K[1/25] [chromium] ÔÇ║ tests\e2e\auth.spec.ts:21:7 ÔÇ║ Autentica├º├úo ÔÇ║ deve exibir p├ígina de login corretamente
[1A[2K[2/25] [chromium] ÔÇ║ tests\e2e\auth.spec.ts:16:7 ÔÇ║ Autentica├º├úo ÔÇ║ deve redirecionar para login quando n├úo autenticado
[1A[2K[3/25] [chromium] ÔÇ║ tests\e2e\auth.spec.ts:32:7 ÔÇ║ Autentica├º├úo ÔÇ║ deve exibir p├ígina de registro corretamente
[1A[2K[4/25] [chromium] ÔÇ║ tests\e2e\auth.spec.ts:43:7 ÔÇ║ Autentica├º├úo ÔÇ║ deve navegar entre login e registro
[1A[2K[5/25] [chromium] ÔÇ║ tests\e2e\auth.spec.ts:55:7 ÔÇ║ Autentica├º├úo ÔÇ║ deve validar campos obrigat├│rios no login
[1A[2K[6/25] [chromium] ÔÇ║ tests\e2e\auth.spec.ts:66:7 ÔÇ║ Autentica├º├úo ÔÇ║ deve validar formato de email no login
[1A[2K[7/25] [chromium] ÔÇ║ tests\e2e\auth.spec.ts:79:7 ÔÇ║ Autentica├º├úo ÔÇ║ deve validar senhas coincidentes no registro
[1A[2K[8/25] [chromium] ÔÇ║ tests\e2e\auth.spec.ts:97:7 ÔÇ║ Autentica├º├úo ÔÇ║ deve validar tamanho m├¡nimo da senha no registro
[1A[2K[9/25] [chromium] ÔÇ║ tests\e2e\auth.spec.ts:115:7 ÔÇ║ Autentica├º├úo ÔÇ║ deve criar conta com sucesso
[1A[2K[10/25] [chromium] ÔÇ║ tests\e2e\auth.spec.ts:136:7 ÔÇ║ Autentica├º├úo ÔÇ║ deve fazer login com sucesso
[1A[2K  1) [chromium] ÔÇ║ tests\e2e\auth.spec.ts:115:7 ÔÇ║ Autentica├º├úo ÔÇ║ deve criar conta com sucesso ÔöÇÔöÇÔöÇÔöÇÔöÇÔöÇÔöÇ

    Error: [2mexpect([22m[31mpage[39m[2m).[22mtoHaveURL[2m([22m[32mexpected[39m[2m)[22m failed

    Expected: [32m"http://localhost:3000/[7mdashboard[27m"[39m
    Received: [31m"http://localhost:3000/[7mauth/register[27m"[39m
    Timeout:  10000ms

    Call log:
    [2m  - Expect "toHaveURL" with timeout 10000ms[22m
    [2m    13 ├ù unexpected value "http://localhost:3000/auth/register"[22m


      128 |
      129 |     // Aguardar redirect para dashboard
    > 130 |     await expect(page).toHaveURL('/dashboard', { timeout: 10000 });
          |                        ^
      131 |
      132 |     // Verificar elementos do dashboard
      133 |     await expect(page.getByText(`Ol├í, ${testUser.name}`)).toBeVisible();
        at C:\Users\bruno\Desktop\Dev\notion-clone\frontend\tests\e2e\auth.spec.ts:130:24

    attachment #1: screenshot (image/png) ÔöÇÔöÇÔöÇÔöÇÔöÇÔöÇÔöÇÔöÇÔöÇÔöÇÔöÇÔöÇÔöÇÔöÇÔöÇÔöÇÔöÇÔöÇÔöÇÔöÇÔöÇÔöÇÔöÇÔöÇÔöÇÔöÇÔöÇÔöÇÔöÇÔöÇÔöÇÔöÇÔöÇÔöÇÔöÇÔöÇÔöÇÔöÇÔöÇÔöÇÔöÇÔöÇÔöÇÔöÇÔöÇÔöÇÔöÇÔöÇÔöÇÔöÇÔöÇÔöÇÔöÇÔöÇÔöÇÔöÇÔöÇÔöÇ
    test-results\auth-Autentica├º├úo-deve-criar-conta-com-sucesso-chromium\test-failed-1.png
    ÔöÇÔöÇÔöÇÔöÇÔöÇÔöÇÔöÇÔöÇÔöÇÔöÇÔöÇÔöÇÔöÇÔöÇÔöÇÔöÇÔöÇÔöÇÔöÇÔöÇÔöÇÔöÇÔöÇÔöÇÔöÇÔöÇÔöÇÔöÇÔöÇÔöÇÔöÇÔöÇÔöÇÔöÇÔöÇÔöÇÔöÇÔöÇÔöÇÔöÇÔöÇÔöÇÔöÇÔöÇÔöÇÔöÇÔöÇÔöÇÔöÇÔöÇÔöÇÔöÇÔöÇÔöÇÔöÇÔöÇÔöÇÔöÇÔöÇÔöÇÔöÇÔöÇÔöÇÔöÇÔöÇÔöÇÔöÇÔöÇÔöÇÔöÇÔöÇÔöÇÔöÇÔöÇÔöÇÔöÇÔöÇÔöÇÔöÇÔöÇÔöÇÔöÇÔöÇÔöÇÔöÇÔöÇÔöÇÔöÇÔöÇÔöÇÔöÇÔöÇÔöÇÔöÇÔöÇÔöÇ

    Error Context: test-results\auth-Autentica├º├úo-deve-criar-conta-com-sucesso-chromium\error-context.md


[1A[2K[11/25] [chromium] ÔÇ║ tests\e2e\auth.spec.ts:162:7 ÔÇ║ Autentica├º├úo ÔÇ║ deve exibir erro com credenciais inv├ílidas
[1A[2K  2) [chromium] ÔÇ║ tests\e2e\auth.spec.ts:162:7 ÔÇ║ Autentica├º├úo ÔÇ║ deve exibir erro com credenciais inv├ílidas 

    Error: [2mexpect([22m[31mlocator[39m[2m).[22mtoBeVisible[2m([22m[2m)[22m failed

    Locator: getByText(/Credenciais inv├ílidas|Erro ao fazer login/i)
    Expected: visible
    Timeout: 5000ms
    Error: element(s) not found

    Call log:
    [2m  - Expect "toBeVisible" with timeout 5000ms[22m
    [2m  - waiting for getByText(/Credenciais inv├ílidas|Erro ao fazer login/i)[22m


      169 |
      170 |     // Verificar mensagem de erro (aguardar aparecer)
    > 171 |     await expect(page.getByText(/Credenciais inv├ílidas|Erro ao fazer login/i)).toBeVisible({ timeout: 5000 });
          |                                                                                ^
      172 |   });
      173 |
      174 |   test('deve fazer logout com sucesso', async ({ page }) => {
        at C:\Users\bruno\Desktop\Dev\notion-clone\frontend\tests\e2e\auth.spec.ts:171:80

    attachment #1: screenshot (image/png) ÔöÇÔöÇÔöÇÔöÇÔöÇÔöÇÔöÇÔöÇÔöÇÔöÇÔöÇÔöÇÔöÇÔöÇÔöÇÔöÇÔöÇÔöÇÔöÇÔöÇÔöÇÔöÇÔöÇÔöÇÔöÇÔöÇÔöÇÔöÇÔöÇÔöÇÔöÇÔöÇÔöÇÔöÇÔöÇÔöÇÔöÇÔöÇÔöÇÔöÇÔöÇÔöÇÔöÇÔöÇÔöÇÔöÇÔöÇÔöÇÔöÇÔöÇÔöÇÔöÇÔöÇÔöÇÔöÇÔöÇÔöÇÔöÇ
    test-results\auth-Autentica├º├úo-deve-exibir-erro-com-credenciais-inv├ílidas-chromium\test-failed-1.png
    ÔöÇÔöÇÔöÇÔöÇÔöÇÔöÇÔöÇÔöÇÔöÇÔöÇÔöÇÔöÇÔöÇÔöÇÔöÇÔöÇÔöÇÔöÇÔöÇÔöÇÔöÇÔöÇÔöÇÔöÇÔöÇÔöÇÔöÇÔöÇÔöÇÔöÇÔöÇÔöÇÔöÇÔöÇÔöÇÔöÇÔöÇÔöÇÔöÇÔöÇÔöÇÔöÇÔöÇÔöÇÔöÇÔöÇÔöÇÔöÇÔöÇÔöÇÔöÇÔöÇÔöÇÔöÇÔöÇÔöÇÔöÇÔöÇÔöÇÔöÇÔöÇÔöÇÔöÇÔöÇÔöÇÔöÇÔöÇÔöÇÔöÇÔöÇÔöÇÔöÇÔöÇÔöÇÔöÇÔöÇÔöÇÔöÇÔöÇÔöÇÔöÇÔöÇÔöÇÔöÇÔöÇÔöÇÔöÇÔöÇÔöÇÔöÇÔöÇÔöÇÔöÇÔöÇÔöÇÔöÇ

    Error Context: test-results\auth-Autentica├º├úo-deve-exibir-erro-com-credenciais-inv├ílidas-chromium\error-context.md


[1A[2K  3) [chromium] ÔÇ║ tests\e2e\auth.spec.ts:136:7 ÔÇ║ Autentica├º├úo ÔÇ║ deve fazer login com sucesso ÔöÇÔöÇÔöÇÔöÇÔöÇÔöÇÔöÇ

    [31mTest timeout of 30000ms exceeded.[39m

    Error: page.waitForURL: Test timeout of 30000ms exceeded.
    =========================== logs ===========================
    waiting for navigation to "/dashboard" until "load"
    ============================================================

      146 |
      147 |     // Aguardar dashboard e fazer logout
    > 148 |     await page.waitForURL('/dashboard');
          |                ^
      149 |     await page.getByRole('button', { name: 'Sair' }).click();
      150 |
      151 |     // Fazer login
        at C:\Users\bruno\Desktop\Dev\notion-clone\frontend\tests\e2e\auth.spec.ts:148:16

    attachment #1: screenshot (image/png) ÔöÇÔöÇÔöÇÔöÇÔöÇÔöÇÔöÇÔöÇÔöÇÔöÇÔöÇÔöÇÔöÇÔöÇÔöÇÔöÇÔöÇÔöÇÔöÇÔöÇÔöÇÔöÇÔöÇÔöÇÔöÇÔöÇÔöÇÔöÇÔöÇÔöÇÔöÇÔöÇÔöÇÔöÇÔöÇÔöÇÔöÇÔöÇÔöÇÔöÇÔöÇÔöÇÔöÇÔöÇÔöÇÔöÇÔöÇÔöÇÔöÇÔöÇÔöÇÔöÇÔöÇÔöÇÔöÇÔöÇÔöÇÔöÇ
    test-results\auth-Autentica├º├úo-deve-fazer-login-com-sucesso-chromium\test-failed-1.png
    ÔöÇÔöÇÔöÇÔöÇÔöÇÔöÇÔöÇÔöÇÔöÇÔöÇÔöÇÔöÇÔöÇÔöÇÔöÇÔöÇÔöÇÔöÇÔöÇÔöÇÔöÇÔöÇÔöÇÔöÇÔöÇÔöÇÔöÇÔöÇÔöÇÔöÇÔöÇÔöÇÔöÇÔöÇÔöÇÔöÇÔöÇÔöÇÔöÇÔöÇÔöÇÔöÇÔöÇÔöÇÔöÇÔöÇÔöÇÔöÇÔöÇÔöÇÔöÇÔöÇÔöÇÔöÇÔöÇÔöÇÔöÇÔöÇÔöÇÔöÇÔöÇÔöÇÔöÇÔöÇÔöÇÔöÇÔöÇÔöÇÔöÇÔöÇÔöÇÔöÇÔöÇÔöÇÔöÇÔöÇÔöÇÔöÇÔöÇÔöÇÔöÇÔöÇÔöÇÔöÇÔöÇÔöÇÔöÇÔöÇÔöÇÔöÇÔöÇÔöÇÔöÇÔöÇÔöÇÔöÇ

    Error Context: test-results\auth-Autentica├º├úo-deve-fazer-login-com-sucesso-chromium\error-context.md


[1A[2K[12/25] [chromium] ÔÇ║ tests\e2e\auth.spec.ts:174:7 ÔÇ║ Autentica├º├úo ÔÇ║ deve fazer logout com sucesso
[1A[2K[13/25] [chromium] ÔÇ║ tests\e2e\auth.spec.ts:198:7 ÔÇ║ Autentica├º├úo ÔÇ║ deve manter sess├úo ap├│s reload
[1A[2K  4) [chromium] ÔÇ║ tests\e2e\auth.spec.ts:174:7 ÔÇ║ Autentica├º├úo ÔÇ║ deve fazer logout com sucesso ÔöÇÔöÇÔöÇÔöÇÔöÇÔöÇ

    [31mTest timeout of 30000ms exceeded.[39m

    Error: page.waitForURL: Test timeout of 30000ms exceeded.
    =========================== logs ===========================
    waiting for navigation to "/dashboard" until "load"
    ============================================================

      183 |     await page.getByRole('button', { name: 'Criar conta' }).click();
      184 |
    > 185 |     await page.waitForURL('/dashboard');
          |                ^
      186 |
      187 |     // Fazer logout
      188 |     await page.getByRole('button', { name: 'Sair' }).click();
        at C:\Users\bruno\Desktop\Dev\notion-clone\frontend\tests\e2e\auth.spec.ts:185:16

    attachment #1: screenshot (image/png) ÔöÇÔöÇÔöÇÔöÇÔöÇÔöÇÔöÇÔöÇÔöÇÔöÇÔöÇÔöÇÔöÇÔöÇÔöÇÔöÇÔöÇÔöÇÔöÇÔöÇÔöÇÔöÇÔöÇÔöÇÔöÇÔöÇÔöÇÔöÇÔöÇÔöÇÔöÇÔöÇÔöÇÔöÇÔöÇÔöÇÔöÇÔöÇÔöÇÔöÇÔöÇÔöÇÔöÇÔöÇÔöÇÔöÇÔöÇÔöÇÔöÇÔöÇÔöÇÔöÇÔöÇÔöÇÔöÇÔöÇÔöÇÔöÇ
    test-results\auth-Autentica├º├úo-deve-fazer-logout-com-sucesso-chromium\test-failed-1.png
    ÔöÇÔöÇÔöÇÔöÇÔöÇÔöÇÔöÇÔöÇÔöÇÔöÇÔöÇÔöÇÔöÇÔöÇÔöÇÔöÇÔöÇÔöÇÔöÇÔöÇÔöÇÔöÇÔöÇÔöÇÔöÇÔöÇÔöÇÔöÇÔöÇÔöÇÔöÇÔöÇÔöÇÔöÇÔöÇÔöÇÔöÇÔöÇÔöÇÔöÇÔöÇÔöÇÔöÇÔöÇÔöÇÔöÇÔöÇÔöÇÔöÇÔöÇÔöÇÔöÇÔöÇÔöÇÔöÇÔöÇÔöÇÔöÇÔöÇÔöÇÔöÇÔöÇÔöÇÔöÇÔöÇÔöÇÔöÇÔöÇÔöÇÔöÇÔöÇÔöÇÔöÇÔöÇÔöÇÔöÇÔöÇÔöÇÔöÇÔöÇÔöÇÔöÇÔöÇÔöÇÔöÇÔöÇÔöÇÔöÇÔöÇÔöÇÔöÇÔöÇÔöÇÔöÇÔöÇÔöÇ

    Error Context: test-results\auth-Autentica├º├úo-deve-fazer-logout-com-sucesso-chromium\error-context.md


[1A[2K  5) [chromium] ÔÇ║ tests\e2e\auth.spec.ts:198:7 ÔÇ║ Autentica├º├úo ÔÇ║ deve manter sess├úo ap├│s reload ÔöÇÔöÇÔöÇÔöÇÔöÇ

    [31mTest timeout of 30000ms exceeded.[39m

    Error: page.waitForURL: Test timeout of 30000ms exceeded.
    =========================== logs ===========================
    waiting for navigation to "/dashboard" until "load"
    ============================================================

      207 |     await page.getByRole('button', { name: 'Criar conta' }).click();
      208 |
    > 209 |     await page.waitForURL('/dashboard');
          |                ^
      210 |
      211 |     // Recarregar p├ígina
      212 |     await page.reload();
        at C:\Users\bruno\Desktop\Dev\notion-clone\frontend\tests\e2e\auth.spec.ts:209:16

    attachment #1: screenshot (image/png) ÔöÇÔöÇÔöÇÔöÇÔöÇÔöÇÔöÇÔöÇÔöÇÔöÇÔöÇÔöÇÔöÇÔöÇÔöÇÔöÇÔöÇÔöÇÔöÇÔöÇÔöÇÔöÇÔöÇÔöÇÔöÇÔöÇÔöÇÔöÇÔöÇÔöÇÔöÇÔöÇÔöÇÔöÇÔöÇÔöÇÔöÇÔöÇÔöÇÔöÇÔöÇÔöÇÔöÇÔöÇÔöÇÔöÇÔöÇÔöÇÔöÇÔöÇÔöÇÔöÇÔöÇÔöÇÔöÇÔöÇÔöÇÔöÇ
    test-results\auth-Autentica├º├úo-deve-manter-sess├úo-ap├│s-reload-chromium\test-failed-1.png
    ÔöÇÔöÇÔöÇÔöÇÔöÇÔöÇÔöÇÔöÇÔöÇÔöÇÔöÇÔöÇÔöÇÔöÇÔöÇÔöÇÔöÇÔöÇÔöÇÔöÇÔöÇÔöÇÔöÇÔöÇÔöÇÔöÇÔöÇÔöÇÔöÇÔöÇÔöÇÔöÇÔöÇÔöÇÔöÇÔöÇÔöÇÔöÇÔöÇÔöÇÔöÇÔöÇÔöÇÔöÇÔöÇÔöÇÔöÇÔöÇÔöÇÔöÇÔöÇÔöÇÔöÇÔöÇÔöÇÔöÇÔöÇÔöÇÔöÇÔöÇÔöÇÔöÇÔöÇÔöÇÔöÇÔöÇÔöÇÔöÇÔöÇÔöÇÔöÇÔöÇÔöÇÔöÇÔöÇÔöÇÔöÇÔöÇÔöÇÔöÇÔöÇÔöÇÔöÇÔöÇÔöÇÔöÇÔöÇÔöÇÔöÇÔöÇÔöÇÔöÇÔöÇÔöÇÔöÇÔöÇ

    Error Context: test-results\auth-Autentica├º├úo-deve-manter-sess├úo-ap├│s-reload-chromium\error-context.md


[1A[2K[14/25] [chromium] ÔÇ║ tests\e2e\auth.spec.ts:219:7 ÔÇ║ Autentica├º├úo ÔÇ║ deve exibir indicadores de loading
[1A[2K[15/25] [chromium] ÔÇ║ tests\e2e\dashboard.spec.ts:31:7 ÔÇ║ Dashboard ÔÇ║ deve exibir dashboard ap├│s login
[1A[2K  6) [chromium] ÔÇ║ tests\e2e\auth.spec.ts:219:7 ÔÇ║ Autentica├º├úo ÔÇ║ deve exibir indicadores de loading ÔöÇ

    Error: [2mexpect([22m[31mlocator[39m[2m).[22mtoBeDisabled[2m([22m[2m)[22m failed

    Locator:  getByRole('button', { name: 'Entrar' })
    Expected: disabled
    Received: enabled
    Timeout:  5000ms

    Call log:
    [2m  - Expect "toBeDisabled" with timeout 5000ms[22m
    [2m  - waiting for getByRole('button', { name: 'Entrar' })[22m
    [2m    3 ├ù locator resolved to <button type="submit" class="inline-flex items-center justify-center whitespace-nowrap rounded-md text-sm font-medium ring-offset-background transition-colors focus-visible:outline-none focus-visible:ring-2 focus-visible:ring-ring focus-visible:ring-offset-2 disabled:pointer-events-none disabled:opacity-50 bg-primary text-primary-foreground hover:bg-primary/90 h-10 px-4 py-2 w-full">Entrar</button>[22m
    [2m      - unexpected value "enabled"[22m


      229 |
      230 |     // Verificar que bot├úo est├í desabilitado e texto mudou
    > 231 |     await expect(submitButton).toBeDisabled();
          |                                ^
      232 |     await expect(submitButton).toHaveText('Entrando...');
      233 |   });
      234 | });
        at C:\Users\bruno\Desktop\Dev\notion-clone\frontend\tests\e2e\auth.spec.ts:231:32

    attachment #1: screenshot (image/png) ÔöÇÔöÇÔöÇÔöÇÔöÇÔöÇÔöÇÔöÇÔöÇÔöÇÔöÇÔöÇÔöÇÔöÇÔöÇÔöÇÔöÇÔöÇÔöÇÔöÇÔöÇÔöÇÔöÇÔöÇÔöÇÔöÇÔöÇÔöÇÔöÇÔöÇÔöÇÔöÇÔöÇÔöÇÔöÇÔöÇÔöÇÔöÇÔöÇÔöÇÔöÇÔöÇÔöÇÔöÇÔöÇÔöÇÔöÇÔöÇÔöÇÔöÇÔöÇÔöÇÔöÇÔöÇÔöÇÔöÇÔöÇÔöÇ
    test-results\auth-Autentica├º├úo-deve-exibir-indicadores-de-loading-chromium\test-failed-1.png
    ÔöÇÔöÇÔöÇÔöÇÔöÇÔöÇÔöÇÔöÇÔöÇÔöÇÔöÇÔöÇÔöÇÔöÇÔöÇÔöÇÔöÇÔöÇÔöÇÔöÇÔöÇÔöÇÔöÇÔöÇÔöÇÔöÇÔöÇÔöÇÔöÇÔöÇÔöÇÔöÇÔöÇÔöÇÔöÇÔöÇÔöÇÔöÇÔöÇÔöÇÔöÇÔöÇÔöÇÔöÇÔöÇÔöÇÔöÇÔöÇÔöÇÔöÇÔöÇÔöÇÔöÇÔöÇÔöÇÔöÇÔöÇÔöÇÔöÇÔöÇÔöÇÔöÇÔöÇÔöÇÔöÇÔöÇÔöÇÔöÇÔöÇÔöÇÔöÇÔöÇÔöÇÔöÇÔöÇÔöÇÔöÇÔöÇÔöÇÔöÇÔöÇÔöÇÔöÇÔöÇÔöÇÔöÇÔöÇÔöÇÔöÇÔöÇÔöÇÔöÇÔöÇÔöÇÔöÇÔöÇ

    Error Context: test-results\auth-Autentica├º├úo-deve-exibir-indicadores-de-loading-chromium\error-context.md


[1A[2K[16/25] [chromium] ÔÇ║ tests\e2e\dashboard.spec.ts:40:7 ÔÇ║ Dashboard ÔÇ║ deve exibir mensagem de boas-vindas
[1A[2K  7) [chromium] ÔÇ║ tests\e2e\dashboard.spec.ts:31:7 ÔÇ║ Dashboard ÔÇ║ deve exibir dashboard ap├│s login ÔöÇÔöÇ

    [31mTest timeout of 30000ms exceeded.[39m

    Error: page.waitForURL: Test timeout of 30000ms exceeded.
    =========================== logs ===========================
    waiting for navigation to "/dashboard" until "load"
    ============================================================

      23 |   await page.getByRole('button', { name: 'Criar conta' }).click();
      24 |
    > 25 |   await page.waitForURL('/dashboard');
         |              ^
      26 |
      27 |   return testUser;
      28 | }
        at loginTestUser (C:\Users\bruno\Desktop\Dev\notion-clone\frontend\tests\e2e\dashboard.spec.ts:25:14)
        at C:\Users\bruno\Desktop\Dev\notion-clone\frontend\tests\e2e\dashboard.spec.ts:32:18

    attachment #1: screenshot (image/png) ÔöÇÔöÇÔöÇÔöÇÔöÇÔöÇÔöÇÔöÇÔöÇÔöÇÔöÇÔöÇÔöÇÔöÇÔöÇÔöÇÔöÇÔöÇÔöÇÔöÇÔöÇÔöÇÔöÇÔöÇÔöÇÔöÇÔöÇÔöÇÔöÇÔöÇÔöÇÔöÇÔöÇÔöÇÔöÇÔöÇÔöÇÔöÇÔöÇÔöÇÔöÇÔöÇÔöÇÔöÇÔöÇÔöÇÔöÇÔöÇÔöÇÔöÇÔöÇÔöÇÔöÇÔöÇÔöÇÔöÇÔöÇÔöÇ
    test-results\dashboard-Dashboard-deve-exibir-dashboard-ap├│s-login-chromium\test-failed-1.png
    ÔöÇÔöÇÔöÇÔöÇÔöÇÔöÇÔöÇÔöÇÔöÇÔöÇÔöÇÔöÇÔöÇÔöÇÔöÇÔöÇÔöÇÔöÇÔöÇÔöÇÔöÇÔöÇÔöÇÔöÇÔöÇÔöÇÔöÇÔöÇÔöÇÔöÇÔöÇÔöÇÔöÇÔöÇÔöÇÔöÇÔöÇÔöÇÔöÇÔöÇÔöÇÔöÇÔöÇÔöÇÔöÇÔöÇÔöÇÔöÇÔöÇÔöÇÔöÇÔöÇÔöÇÔöÇÔöÇÔöÇÔöÇÔöÇÔöÇÔöÇÔöÇÔöÇÔöÇÔöÇÔöÇÔöÇÔöÇÔöÇÔöÇÔöÇÔöÇÔöÇÔöÇÔöÇÔöÇÔöÇÔöÇÔöÇÔöÇÔöÇÔöÇÔöÇÔöÇÔöÇÔöÇÔöÇÔöÇÔöÇÔöÇÔöÇÔöÇÔöÇÔöÇÔöÇÔöÇÔöÇ

    Error Context: test-results\dashboard-Dashboard-deve-exibir-dashboard-ap├│s-login-chromium\error-context.md


[1A[2K[17/25] [chromium] ÔÇ║ tests\e2e\dashboard.spec.ts:47:7 ÔÇ║ Dashboard ÔÇ║ deve exibir lista de features completas
[1A[2K  8) [chromium] ÔÇ║ tests\e2e\dashboard.spec.ts:40:7 ÔÇ║ Dashboard ÔÇ║ deve exibir mensagem de boas-vindas 

    [31mTest timeout of 30000ms exceeded.[39m

    Error: page.waitForURL: Test timeout of 30000ms exceeded.
    =========================== logs ===========================
    waiting for navigation to "/dashboard" until "load"
    ============================================================

      23 |   await page.getByRole('button', { name: 'Criar conta' }).click();
      24 |
    > 25 |   await page.waitForURL('/dashboard');
         |              ^
      26 |
      27 |   return testUser;
      28 | }
        at loginTestUser (C:\Users\bruno\Desktop\Dev\notion-clone\frontend\tests\e2e\dashboard.spec.ts:25:14)
        at C:\Users\bruno\Desktop\Dev\notion-clone\frontend\tests\e2e\dashboard.spec.ts:41:5

    attachment #1: screenshot (image/png) ÔöÇÔöÇÔöÇÔöÇÔöÇÔöÇÔöÇÔöÇÔöÇÔöÇÔöÇÔöÇÔöÇÔöÇÔöÇÔöÇÔöÇÔöÇÔöÇÔöÇÔöÇÔöÇÔöÇÔöÇÔöÇÔöÇÔöÇÔöÇÔöÇÔöÇÔöÇÔöÇÔöÇÔöÇÔöÇÔöÇÔöÇÔöÇÔöÇÔöÇÔöÇÔöÇÔöÇÔöÇÔöÇÔöÇÔöÇÔöÇÔöÇÔöÇÔöÇÔöÇÔöÇÔöÇÔöÇÔöÇÔöÇÔöÇ
    test-results\dashboard-Dashboard-deve-exibir-mensagem-de-boas-vindas-chromium\test-failed-1.png
    ÔöÇÔöÇÔöÇÔöÇÔöÇÔöÇÔöÇÔöÇÔöÇÔöÇÔöÇÔöÇÔöÇÔöÇÔöÇÔöÇÔöÇÔöÇÔöÇÔöÇÔöÇÔöÇÔöÇÔöÇÔöÇÔöÇÔöÇÔöÇÔöÇÔöÇÔöÇÔöÇÔöÇÔöÇÔöÇÔöÇÔöÇÔöÇÔöÇÔöÇÔöÇÔöÇÔöÇÔöÇÔöÇÔöÇÔöÇÔöÇÔöÇÔöÇÔöÇÔöÇÔöÇÔöÇÔöÇÔöÇÔöÇÔöÇÔöÇÔöÇÔöÇÔöÇÔöÇÔöÇÔöÇÔöÇÔöÇÔöÇÔöÇÔöÇÔöÇÔöÇÔöÇÔöÇÔöÇÔöÇÔöÇÔöÇÔöÇÔöÇÔöÇÔöÇÔöÇÔöÇÔöÇÔöÇÔöÇÔöÇÔöÇÔöÇÔöÇÔöÇÔöÇÔöÇÔöÇÔöÇ

    Error Context: test-results\dashboard-Dashboard-deve-exibir-mensagem-de-boas-vindas-chromium\error-context.md


[1A[2K[18/25] [chromium] ÔÇ║ tests\e2e\dashboard.spec.ts:60:7 ÔÇ║ Dashboard ÔÇ║ deve exibir pr├│ximos passos
[1A[2K  9) [chromium] ÔÇ║ tests\e2e\dashboard.spec.ts:47:7 ÔÇ║ Dashboard ÔÇ║ deve exibir lista de features completas 

    [31mTest timeout of 30000ms exceeded.[39m

    Error: page.waitForURL: Test timeout of 30000ms exceeded.
    =========================== logs ===========================
    waiting for navigation to "/dashboard" until "load"
    ============================================================

      23 |   await page.getByRole('button', { name: 'Criar conta' }).click();
      24 |
    > 25 |   await page.waitForURL('/dashboard');
         |              ^
      26 |
      27 |   return testUser;
      28 | }
        at loginTestUser (C:\Users\bruno\Desktop\Dev\notion-clone\frontend\tests\e2e\dashboard.spec.ts:25:14)
        at C:\Users\bruno\Desktop\Dev\notion-clone\frontend\tests\e2e\dashboard.spec.ts:48:5

    attachment #1: screenshot (image/png) ÔöÇÔöÇÔöÇÔöÇÔöÇÔöÇÔöÇÔöÇÔöÇÔöÇÔöÇÔöÇÔöÇÔöÇÔöÇÔöÇÔöÇÔöÇÔöÇÔöÇÔöÇÔöÇÔöÇÔöÇÔöÇÔöÇÔöÇÔöÇÔöÇÔöÇÔöÇÔöÇÔöÇÔöÇÔöÇÔöÇÔöÇÔöÇÔöÇÔöÇÔöÇÔöÇÔöÇÔöÇÔöÇÔöÇÔöÇÔöÇÔöÇÔöÇÔöÇÔöÇÔöÇÔöÇÔöÇÔöÇÔöÇÔöÇ
    test-results\dashboard-Dashboard-deve-exibir-lista-de-features-completas-chromium\test-failed-1.png
    ÔöÇÔöÇÔöÇÔöÇÔöÇÔöÇÔöÇÔöÇÔöÇÔöÇÔöÇÔöÇÔöÇÔöÇÔöÇÔöÇÔöÇÔöÇÔöÇÔöÇÔöÇÔöÇÔöÇÔöÇÔöÇÔöÇÔöÇÔöÇÔöÇÔöÇÔöÇÔöÇÔöÇÔöÇÔöÇÔöÇÔöÇÔöÇÔöÇÔöÇÔöÇÔöÇÔöÇÔöÇÔöÇÔöÇÔöÇÔöÇÔöÇÔöÇÔöÇÔöÇÔöÇÔöÇÔöÇÔöÇÔöÇÔöÇÔöÇÔöÇÔöÇÔöÇÔöÇÔöÇÔöÇÔöÇÔöÇÔöÇÔöÇÔöÇÔöÇÔöÇÔöÇÔöÇÔöÇÔöÇÔöÇÔöÇÔöÇÔöÇÔöÇÔöÇÔöÇÔöÇÔöÇÔöÇÔöÇÔöÇÔöÇÔöÇÔöÇÔöÇÔöÇÔöÇÔöÇÔöÇ

    Error Context: test-results\dashboard-Dashboard-deve-exibir-lista-de-features-completas-chromium\error-context.md


[1A[2K[19/25] [chromium] ÔÇ║ tests\e2e\dashboard.spec.ts:69:7 ÔÇ║ Dashboard ÔÇ║ deve ter header fixo
[1A[2K  10) [chromium] ÔÇ║ tests\e2e\dashboard.spec.ts:60:7 ÔÇ║ Dashboard ÔÇ║ deve exibir pr├│ximos passos ÔöÇÔöÇÔöÇÔöÇÔöÇÔöÇ

    [31mTest timeout of 30000ms exceeded.[39m

    Error: page.waitForURL: Test timeout of 30000ms exceeded.
    =========================== logs ===========================
    waiting for navigation to "/dashboard" until "load"
    ============================================================

      23 |   await page.getByRole('button', { name: 'Criar conta' }).click();
      24 |
    > 25 |   await page.waitForURL('/dashboard');
         |              ^
      26 |
      27 |   return testUser;
      28 | }
        at loginTestUser (C:\Users\bruno\Desktop\Dev\notion-clone\frontend\tests\e2e\dashboard.spec.ts:25:14)
        at C:\Users\bruno\Desktop\Dev\notion-clone\frontend\tests\e2e\dashboard.spec.ts:61:5

    attachment #1: screenshot (image/png) ÔöÇÔöÇÔöÇÔöÇÔöÇÔöÇÔöÇÔöÇÔöÇÔöÇÔöÇÔöÇÔöÇÔöÇÔöÇÔöÇÔöÇÔöÇÔöÇÔöÇÔöÇÔöÇÔöÇÔöÇÔöÇÔöÇÔöÇÔöÇÔöÇÔöÇÔöÇÔöÇÔöÇÔöÇÔöÇÔöÇÔöÇÔöÇÔöÇÔöÇÔöÇÔöÇÔöÇÔöÇÔöÇÔöÇÔöÇÔöÇÔöÇÔöÇÔöÇÔöÇÔöÇÔöÇÔöÇÔöÇÔöÇÔöÇ
    test-results\dashboard-Dashboard-deve-exibir-pr├│ximos-passos-chromium\test-failed-1.png
    ÔöÇÔöÇÔöÇÔöÇÔöÇÔöÇÔöÇÔöÇÔöÇÔöÇÔöÇÔöÇÔöÇÔöÇÔöÇÔöÇÔöÇÔöÇÔöÇÔöÇÔöÇÔöÇÔöÇÔöÇÔöÇÔöÇÔöÇÔöÇÔöÇÔöÇÔöÇÔöÇÔöÇÔöÇÔöÇÔöÇÔöÇÔöÇÔöÇÔöÇÔöÇÔöÇÔöÇÔöÇÔöÇÔöÇÔöÇÔöÇÔöÇÔöÇÔöÇÔöÇÔöÇÔöÇÔöÇÔöÇÔöÇÔöÇÔöÇÔöÇÔöÇÔöÇÔöÇÔöÇÔöÇÔöÇÔöÇÔöÇÔöÇÔöÇÔöÇÔöÇÔöÇÔöÇÔöÇÔöÇÔöÇÔöÇÔöÇÔöÇÔöÇÔöÇÔöÇÔöÇÔöÇÔöÇÔöÇÔöÇÔöÇÔöÇÔöÇÔöÇÔöÇÔöÇÔöÇÔöÇ

    Error Context: test-results\dashboard-Dashboard-deve-exibir-pr├│ximos-passos-chromium\error-context.md


[1A[2K[20/25] [chromium] ÔÇ║ tests\e2e\dashboard.spec.ts:77:7 ÔÇ║ Dashboard ÔÇ║ deve proteger rota do dashboard
[1A[2K[21/25] [chromium] ÔÇ║ tests\e2e\dashboard.spec.ts:88:7 ÔÇ║ Dashboard ÔÇ║ deve fazer logout e limpar sess├úo
[1A[2K  11) [chromium] ÔÇ║ tests\e2e\dashboard.spec.ts:69:7 ÔÇ║ Dashboard ÔÇ║ deve ter header fixo ÔöÇÔöÇÔöÇÔöÇÔöÇÔöÇÔöÇÔöÇÔöÇÔöÇÔöÇÔöÇÔöÇ

    [31mTest timeout of 30000ms exceeded.[39m

    Error: page.waitForURL: Test timeout of 30000ms exceeded.
    =========================== logs ===========================
    waiting for navigation to "/dashboard" until "load"
    ============================================================

      23 |   await page.getByRole('button', { name: 'Criar conta' }).click();
      24 |
    > 25 |   await page.waitForURL('/dashboard');
         |              ^
      26 |
      27 |   return testUser;
      28 | }
        at loginTestUser (C:\Users\bruno\Desktop\Dev\notion-clone\frontend\tests\e2e\dashboard.spec.ts:25:14)
        at C:\Users\bruno\Desktop\Dev\notion-clone\frontend\tests\e2e\dashboard.spec.ts:70:5

    attachment #1: screenshot (image/png) ÔöÇÔöÇÔöÇÔöÇÔöÇÔöÇÔöÇÔöÇÔöÇÔöÇÔöÇÔöÇÔöÇÔöÇÔöÇÔöÇÔöÇÔöÇÔöÇÔöÇÔöÇÔöÇÔöÇÔöÇÔöÇÔöÇÔöÇÔöÇÔöÇÔöÇÔöÇÔöÇÔöÇÔöÇÔöÇÔöÇÔöÇÔöÇÔöÇÔöÇÔöÇÔöÇÔöÇÔöÇÔöÇÔöÇÔöÇÔöÇÔöÇÔöÇÔöÇÔöÇÔöÇÔöÇÔöÇÔöÇÔöÇÔöÇ
    test-results\dashboard-Dashboard-deve-ter-header-fixo-chromium\test-failed-1.png
    ÔöÇÔöÇÔöÇÔöÇÔöÇÔöÇÔöÇÔöÇÔöÇÔöÇÔöÇÔöÇÔöÇÔöÇÔöÇÔöÇÔöÇÔöÇÔöÇÔöÇÔöÇÔöÇÔöÇÔöÇÔöÇÔöÇÔöÇÔöÇÔöÇÔöÇÔöÇÔöÇÔöÇÔöÇÔöÇÔöÇÔöÇÔöÇÔöÇÔöÇÔöÇÔöÇÔöÇÔöÇÔöÇÔöÇÔöÇÔöÇÔöÇÔöÇÔöÇÔöÇÔöÇÔöÇÔöÇÔöÇÔöÇÔöÇÔöÇÔöÇÔöÇÔöÇÔöÇÔöÇÔöÇÔöÇÔöÇÔöÇÔöÇÔöÇÔöÇÔöÇÔöÇÔöÇÔöÇÔöÇÔöÇÔöÇÔöÇÔöÇÔöÇÔöÇÔöÇÔöÇÔöÇÔöÇÔöÇÔöÇÔöÇÔöÇÔöÇÔöÇÔöÇÔöÇÔöÇÔöÇ

    Error Context: test-results\dashboard-Dashboard-deve-ter-header-fixo-chromium\error-context.md


[1A[2K[22/25] [chromium] ÔÇ║ tests\e2e\dashboard.spec.ts:107:7 ÔÇ║ Dashboard ÔÇ║ deve exibir nome do usu├írio corretamente
[1A[2K  12) [chromium] ÔÇ║ tests\e2e\dashboard.spec.ts:88:7 ÔÇ║ Dashboard ÔÇ║ deve fazer logout e limpar sess├úo 

    [31mTest timeout of 30000ms exceeded.[39m

    Error: page.waitForURL: Test timeout of 30000ms exceeded.
    =========================== logs ===========================
    waiting for navigation to "/dashboard" until "load"
    ============================================================

      23 |   await page.getByRole('button', { name: 'Criar conta' }).click();
      24 |
    > 25 |   await page.waitForURL('/dashboard');
         |              ^
      26 |
      27 |   return testUser;
      28 | }
        at loginTestUser (C:\Users\bruno\Desktop\Dev\notion-clone\frontend\tests\e2e\dashboard.spec.ts:25:14)
        at C:\Users\bruno\Desktop\Dev\notion-clone\frontend\tests\e2e\dashboard.spec.ts:89:18

    attachment #1: screenshot (image/png) ÔöÇÔöÇÔöÇÔöÇÔöÇÔöÇÔöÇÔöÇÔöÇÔöÇÔöÇÔöÇÔöÇÔöÇÔöÇÔöÇÔöÇÔöÇÔöÇÔöÇÔöÇÔöÇÔöÇÔöÇÔöÇÔöÇÔöÇÔöÇÔöÇÔöÇÔöÇÔöÇÔöÇÔöÇÔöÇÔöÇÔöÇÔöÇÔöÇÔöÇÔöÇÔöÇÔöÇÔöÇÔöÇÔöÇÔöÇÔöÇÔöÇÔöÇÔöÇÔöÇÔöÇÔöÇÔöÇÔöÇÔöÇÔöÇ
    test-results\dashboard-Dashboard-deve-fazer-logout-e-limpar-sess├úo-chromium\test-failed-1.png
    ÔöÇÔöÇÔöÇÔöÇÔöÇÔöÇÔöÇÔöÇÔöÇÔöÇÔöÇÔöÇÔöÇÔöÇÔöÇÔöÇÔöÇÔöÇÔöÇÔöÇÔöÇÔöÇÔöÇÔöÇÔöÇÔöÇÔöÇÔöÇÔöÇÔöÇÔöÇÔöÇÔöÇÔöÇÔöÇÔöÇÔöÇÔöÇÔöÇÔöÇÔöÇÔöÇÔöÇÔöÇÔöÇÔöÇÔöÇÔöÇÔöÇÔöÇÔöÇÔöÇÔöÇÔöÇÔöÇÔöÇÔöÇÔöÇÔöÇÔöÇÔöÇÔöÇÔöÇÔöÇÔöÇÔöÇÔöÇÔöÇÔöÇÔöÇÔöÇÔöÇÔöÇÔöÇÔöÇÔöÇÔöÇÔöÇÔöÇÔöÇÔöÇÔöÇÔöÇÔöÇÔöÇÔöÇÔöÇÔöÇÔöÇÔöÇÔöÇÔöÇÔöÇÔöÇÔöÇÔöÇ

    Error Context: test-results\dashboard-Dashboard-deve-fazer-logout-e-limpar-sess├úo-chromium\error-context.md


[1A[2K[23/25] [chromium] ÔÇ║ tests\e2e\dashboard.spec.ts:115:7 ÔÇ║ Dashboard ÔÇ║ deve manter autentica├º├úo ap├│s navega├º├úo
[1A[2K  13) [chromium] ÔÇ║ tests\e2e\dashboard.spec.ts:107:7 ÔÇ║ Dashboard ÔÇ║ deve exibir nome do usu├írio corretamente 

    [31mTest timeout of 30000ms exceeded.[39m

    Error: page.waitForURL: Test timeout of 30000ms exceeded.
    =========================== logs ===========================
    waiting for navigation to "/dashboard" until "load"
    ============================================================

      23 |   await page.getByRole('button', { name: 'Criar conta' }).click();
      24 |
    > 25 |   await page.waitForURL('/dashboard');
         |              ^
      26 |
      27 |   return testUser;
      28 | }
        at loginTestUser (C:\Users\bruno\Desktop\Dev\notion-clone\frontend\tests\e2e\dashboard.spec.ts:25:14)
        at C:\Users\bruno\Desktop\Dev\notion-clone\frontend\tests\e2e\dashboard.spec.ts:108:18

    attachment #1: screenshot (image/png) ÔöÇÔöÇÔöÇÔöÇÔöÇÔöÇÔöÇÔöÇÔöÇÔöÇÔöÇÔöÇÔöÇÔöÇÔöÇÔöÇÔöÇÔöÇÔöÇÔöÇÔöÇÔöÇÔöÇÔöÇÔöÇÔöÇÔöÇÔöÇÔöÇÔöÇÔöÇÔöÇÔöÇÔöÇÔöÇÔöÇÔöÇÔöÇÔöÇÔöÇÔöÇÔöÇÔöÇÔöÇÔöÇÔöÇÔöÇÔöÇÔöÇÔöÇÔöÇÔöÇÔöÇÔöÇÔöÇÔöÇÔöÇÔöÇ
    test-results\dashboard-Dashboard-deve-exibir-nome-do-usu├írio-corretamente-chromium\test-failed-1.png
    ÔöÇÔöÇÔöÇÔöÇÔöÇÔöÇÔöÇÔöÇÔöÇÔöÇÔöÇÔöÇÔöÇÔöÇÔöÇÔöÇÔöÇÔöÇÔöÇÔöÇÔöÇÔöÇÔöÇÔöÇÔöÇÔöÇÔöÇÔöÇÔöÇÔöÇÔöÇÔöÇÔöÇÔöÇÔöÇÔöÇÔöÇÔöÇÔöÇÔöÇÔöÇÔöÇÔöÇÔöÇÔöÇÔöÇÔöÇÔöÇÔöÇÔöÇÔöÇÔöÇÔöÇÔöÇÔöÇÔöÇÔöÇÔöÇÔöÇÔöÇÔöÇÔöÇÔöÇÔöÇÔöÇÔöÇÔöÇÔöÇÔöÇÔöÇÔöÇÔöÇÔöÇÔöÇÔöÇÔöÇÔöÇÔöÇÔöÇÔöÇÔöÇÔöÇÔöÇÔöÇÔöÇÔöÇÔöÇÔöÇÔöÇÔöÇÔöÇÔöÇÔöÇÔöÇÔöÇÔöÇ

    Error Context: test-results\dashboard-Dashboard-deve-exibir-nome-do-usu├írio-corretamente-chromium\error-context.md


[1A[2K[24/25] [chromium] ÔÇ║ tests\e2e\dashboard.spec.ts:128:7 ÔÇ║ Dashboard ÔÇ║ deve persistir autentica├º├úo ap├│s reload da p├ígina
[1A[2K  14) [chromium] ÔÇ║ tests\e2e\dashboard.spec.ts:115:7 ÔÇ║ Dashboard ÔÇ║ deve manter autentica├º├úo ap├│s navega├º├úo 

    [31mTest timeout of 30000ms exceeded.[39m

    Error: page.waitForURL: Test timeout of 30000ms exceeded.
    =========================== logs ===========================
    waiting for navigation to "/dashboard" until "load"
    ============================================================

      23 |   await page.getByRole('button', { name: 'Criar conta' }).click();
      24 |
    > 25 |   await page.waitForURL('/dashboard');
         |              ^
      26 |
      27 |   return testUser;
      28 | }
        at loginTestUser (C:\Users\bruno\Desktop\Dev\notion-clone\frontend\tests\e2e\dashboard.spec.ts:25:14)
        at C:\Users\bruno\Desktop\Dev\notion-clone\frontend\tests\e2e\dashboard.spec.ts:116:18

    attachment #1: screenshot (image/png) ÔöÇÔöÇÔöÇÔöÇÔöÇÔöÇÔöÇÔöÇÔöÇÔöÇÔöÇÔöÇÔöÇÔöÇÔöÇÔöÇÔöÇÔöÇÔöÇÔöÇÔöÇÔöÇÔöÇÔöÇÔöÇÔöÇÔöÇÔöÇÔöÇÔöÇÔöÇÔöÇÔöÇÔöÇÔöÇÔöÇÔöÇÔöÇÔöÇÔöÇÔöÇÔöÇÔöÇÔöÇÔöÇÔöÇÔöÇÔöÇÔöÇÔöÇÔöÇÔöÇÔöÇÔöÇÔöÇÔöÇÔöÇÔöÇ
    test-results\dashboard-Dashboard-deve-manter-autentica├º├úo-ap├│s-navega├º├úo-chromium\test-failed-1.png
    ÔöÇÔöÇÔöÇÔöÇÔöÇÔöÇÔöÇÔöÇÔöÇÔöÇÔöÇÔöÇÔöÇÔöÇÔöÇÔöÇÔöÇÔöÇÔöÇÔöÇÔöÇÔöÇÔöÇÔöÇÔöÇÔöÇÔöÇÔöÇÔöÇÔöÇÔöÇÔöÇÔöÇÔöÇÔöÇÔöÇÔöÇÔöÇÔöÇÔöÇÔöÇÔöÇÔöÇÔöÇÔöÇÔöÇÔöÇÔöÇÔöÇÔöÇÔöÇÔöÇÔöÇÔöÇÔöÇÔöÇÔöÇÔöÇÔöÇÔöÇÔöÇÔöÇÔöÇÔöÇÔöÇÔöÇÔöÇÔöÇÔöÇÔöÇÔöÇÔöÇÔöÇÔöÇÔöÇÔöÇÔöÇÔöÇÔöÇÔöÇÔöÇÔöÇÔöÇÔöÇÔöÇÔöÇÔöÇÔöÇÔöÇÔöÇÔöÇÔöÇÔöÇÔöÇÔöÇÔöÇ

    Error Context: test-results\dashboard-Dashboard-deve-manter-autentica├º├úo-ap├│s-navega├º├úo-chromium\error-context.md


[1A[2K[25/25] [chromium] ÔÇ║ tests\e2e\dashboard.spec.ts:139:7 ÔÇ║ Dashboard ÔÇ║ deve ter responsividade no header
